// Jest Snapshot v1, https://goo.gl/fbAQLP

exports[`Pruebas en componente <AddCategory/> debe mostrarse correctamente 1`] = `
<form
  onSubmit={[Function]}
>
  <input
    className="input-search"
    onChange={[Function]}
    type="text"
    value=""
  />
</form>
`;
