// Jest Snapshot v1, https://goo.gl/fbAQLP

exports[`Pruebas en <GifGridItem /> debe mostrar el componente correctamente 1`] = `
<div
  className="card animate__animated animate__zoomIn"
  tabIndex="0"
>
  <img
    alt="Titulo"
    src="https://localhost:180908/login"
  />
  <p>
    Titulo
  </p>
</div>
`;
