// Jest Snapshot v1, https://goo.gl/fbAQLP

exports[`Pruebas en <GifGrid /> debe mostrar el componente correctamente 1`] = `
<Fragment>
  <h3
    className="animate__animated animate__fadeIn"
  >
    categoria
  </h3>
  <h3
    className="animate__animated animate__flash"
  >
    Cargando...
  </h3>
  <div
    className="cards"
  />
</Fragment>
`;
